初始的AST解析结果：
SEQ(VARDECLARE(t),SEQ(VARDECLARE(f),SEQ(VARDECLARE(res),SEQ(ASGN(t,CONST(1)),SEQ(ASGN(f,CONST(0)),ASGN(res,AND(NOT(VAR(f)),OR(VAR(t),VAR(f)))))))))

类型检查成功
严格类型检查后的AST树：
SEQ(VARDECLARE(t),SEQ(VARDECLARE(f),SEQ(VARDECLARE(res),SEQ(ASGN(t,CONST(1)),SEQ(ASGN(f,CONST(0)),ASGN(res,AND(NOT(VAR(f)),OR(VAR(t),VAR(f)))))))))

类型检查成功
隐式转换显式化后的AST树：
SEQ(VARDECLARE(t),SEQ(VARDECLARE(f),SEQ(VARDECLARE(res),SEQ(ASGN(t,CONST(1)),SEQ(ASGN(f,CONST(0)),ASGN(res,AND(NOT(VAR(f)),OR(VAR(t),VAR(f)))))))))