初始的AST解析结果：
SEQ(VARDECLARE(p),SEQ(VARDECLARE(p0),SEQ(VARDECLARE(p1),SEQ(ASGN(p,TYPECONV(INT*,VAR(p1))),SEQ(VARDECLARE(q),SEQ(ASGN(p1,TYPECONV(INT**,VAR(q))),SEQ(IF(EQ(VAR(p),TYPECONV(INT*,VAR(p1))),SKIP,SKIP),IF(NE(VAR(q),TYPECONV(LONG***,VAR(p1))),SKIP,SKIP))))))))

类型检查成功
严格类型检查后的AST树：
SEQ(VARDECLARE(p),SEQ(VARDECLARE(p0),SEQ(VARDECLARE(p1),SEQ(ASGN(p,TYPECONV(INT*,VAR(p1))),SEQ(VARDECLARE(q),SEQ(ASGN(p1,TYPECONV(INT**,VAR(q))),SEQ(IF(EQ(VAR(p),TYPECONV(INT*,VAR(p1))),SKIP,SKIP),IF(NE(VAR(q),TYPECONV(LONG***,VAR(p1))),SKIP,SKIP))))))))

类型检查成功
隐式转换显式化后的AST树：
SEQ(VARDECLARE(p),SEQ(VARDECLARE(p0),SEQ(VARDECLARE(p1),SEQ(ASGN(p,TYPECONV(INT*,VAR(p1))),SEQ(VARDECLARE(q),SEQ(ASGN(p1,TYPECONV(INT**,VAR(q))),SEQ(IF(EQ(VAR(p),TYPECONV(INT*,VAR(p1))),SKIP,SKIP),IF(NE(VAR(q),TYPECONV(LONG***,VAR(p1))),SKIP,SKIP))))))))
