初始的AST解析结果：
SEQ(VARDECLARE(p),SEQ(VARDECLARE(q),SEQ(WHILE(OR(EQ(VAR(p),VAR(q)),NE(VAR(p),VAR(q))),SKIP),IF(AND(EQ(DEREF(VAR(p)),DEREF(VAR(q))),NE(DEREF(VAR(p)),DEREF(VAR(q)))),ASGNDREF(VAR(p),DEREF(VAR(q))),ASGNDREF(VAR(q),DEREF(VAR(p)))))))

类型检查成功
严格类型检查后的AST树：
SEQ(VARDECLARE(p),SEQ(VARDECLARE(q),SEQ(WHILE(OR(EQ(VAR(p),VAR(q)),NE(VAR(p),VAR(q))),SKIP),IF(AND(EQ(DEREF(VAR(p)),DEREF(VAR(q))),NE(DEREF(VAR(p)),DEREF(VAR(q)))),ASGNDREF(VAR(p),DEREF(VAR(q))),ASGNDREF(VAR(q),DEREF(VAR(p)))))))

类型检查成功
隐式转换显式化后的AST树：
SEQ(VARDECLARE(p),SEQ(VARDECLARE(q),SEQ(WHILE(OR(EQ(VAR(p),VAR(q)),NE(VAR(p),VAR(q))),SKIP),IF(AND(EQ(DEREF(VAR(p)),DEREF(VAR(q))),NE(DEREF(VAR(p)),DEREF(VAR(q)))),ASGNDREF(VAR(p),DEREF(VAR(q))),ASGNDREF(VAR(q),DEREF(VAR(p)))))))
