初始的AST解析结果：
SEQ(VARDECLARE(x),SEQ(ASGN(x,CONST(-2147483648)),SEQ(VARDECLARE(z),SEQ(ASGN(z,CONST(-9223372036854775808)),SEQ(VARDECLARE(y),IF(LT(VAR(z),VAR(y)),ASGN(z,VAR(y)),ASGN(y,VAR(z))))))))

严格类型检查失败：[Error]: 操作数类型不一致（没有隐式转换的版本）

[Warning]: 赋值语句存在类型 [LONGLONG] 向类型 [INT] 的隐式转换反优先级，可能损失数据信息
类型检查成功
隐式转换显式化后的AST树：
SEQ(VARDECLARE(x),SEQ(ASGN(x,CONST(-2147483648)),SEQ(VARDECLARE(z),SEQ(ASGN(z,CONST(-9223372036854775808)),SEQ(VARDECLARE(y),IF(LT(VAR(z),TYPECONV(LONGLONG,VAR(y))),ASGN(z,TYPECONV(LONGLONG,VAR(y))),ASGN(y,TYPECONV(INT,VAR(z)))))))))