初始的AST解析结果：
SEQ(VARDECLARE(p),SEQ(VARDECLARE(q),SEQ(VARDECLARE(x),SEQ(ASGN(x,CONST(1)),SEQ(ASGN(p,ADDROF(VAR(x))),SEQ(ASGN(q,TYPECONV(LONG*,VAR(p))),ASGN(p,TYPECONV(INT*,VAR(q)))))))))

类型检查成功
严格类型检查后的AST树：
SEQ(VARDECLARE(p),SEQ(VARDECLARE(q),SEQ(VARDECLARE(x),SEQ(ASGN(x,CONST(1)),SEQ(ASGN(p,ADDROF(VAR(x))),SEQ(ASGN(q,TYPECONV(LONG*,VAR(p))),ASGN(p,TYPECONV(INT*,VAR(q)))))))))

类型检查成功
隐式转换显式化后的AST树：
SEQ(VARDECLARE(p),SEQ(VARDECLARE(q),SEQ(VARDECLARE(x),SEQ(ASGN(x,CONST(1)),SEQ(ASGN(p,ADDROF(VAR(x))),SEQ(ASGN(q,TYPECONV(LONG*,VAR(p))),ASGN(p,TYPECONV(INT*,VAR(q)))))))))
